Archive member included because of file (symbol)

c:/winavr-20100110/bin/../lib/gcc/avr/4.3.3/avr5\libgcc.a(_mulsi3.o)
                              ./DELAY.o (__mulsi3)
c:/winavr-20100110/bin/../lib/gcc/avr/4.3.3/avr5\libgcc.a(_udivmodsi4.o)
                              ./DELAY.o (__udivmodsi4)
c:/winavr-20100110/bin/../lib/gcc/avr/4.3.3/avr5\libgcc.a(_exit.o)
                              c:/winavr-20100110/bin/../lib/gcc/avr/4.3.3/../../../../avr/lib/avr5/crtm32.o (exit)
c:/winavr-20100110/bin/../lib/gcc/avr/4.3.3/avr5\libgcc.a(_copy_data.o)
                              ./DIO_cfg.o (__do_copy_data)
c:/winavr-20100110/bin/../lib/gcc/avr/4.3.3/avr5\libgcc.a(_clear_bss.o)
                              ./UART.o (__do_clear_bss)

Memory Configuration

Name             Origin             Length             Attributes
text             0x00000000         0x00020000         xr
data             0x00800060         0x0000ffa0         rw !x
eeprom           0x00810000         0x00010000         rw !x
fuse             0x00820000         0x00000400         rw !x
lock             0x00830000         0x00000400         rw !x
signature        0x00840000         0x00000400         rw !x
*default*        0x00000000         0xffffffff

Linker script and memory map

LOAD c:/winavr-20100110/bin/../lib/gcc/avr/4.3.3/../../../../avr/lib/avr5/crtm32.o
LOAD ./DELAY.o
LOAD ./DIO.o
LOAD ./DIO_cfg.o
LOAD ./GIE_prog.o
LOAD ./LED.o
LOAD ./LED_cfg.o
LOAD ./SEVENSEGH.o
LOAD ./SEVENSEGH_cfg.o
LOAD ./UART.o
LOAD ./UART_cfg.o
LOAD ./main.o
LOAD c:/winavr-20100110/bin/../lib/gcc/avr/4.3.3/avr5\libgcc.a
LOAD c:/winavr-20100110/bin/../lib/gcc/avr/4.3.3/../../../../avr/lib/avr5\libc.a
LOAD c:/winavr-20100110/bin/../lib/gcc/avr/4.3.3/avr5\libgcc.a

.hash
 *(.hash)

.dynsym
 *(.dynsym)

.dynstr
 *(.dynstr)

.gnu.version
 *(.gnu.version)

.gnu.version_d
 *(.gnu.version_d)

.gnu.version_r
 *(.gnu.version_r)

.rel.init
 *(.rel.init)

.rela.init
 *(.rela.init)

.rel.text
 *(.rel.text)
 *(.rel.text.*)
 *(.rel.gnu.linkonce.t*)

.rela.text
 *(.rela.text)
 *(.rela.text.*)
 *(.rela.gnu.linkonce.t*)

.rel.fini
 *(.rel.fini)

.rela.fini
 *(.rela.fini)

.rel.rodata
 *(.rel.rodata)
 *(.rel.rodata.*)
 *(.rel.gnu.linkonce.r*)

.rela.rodata
 *(.rela.rodata)
 *(.rela.rodata.*)
 *(.rela.gnu.linkonce.r*)

.rel.data
 *(.rel.data)
 *(.rel.data.*)
 *(.rel.gnu.linkonce.d*)

.rela.data
 *(.rela.data)
 *(.rela.data.*)
 *(.rela.gnu.linkonce.d*)

.rel.ctors
 *(.rel.ctors)

.rela.ctors
 *(.rela.ctors)

.rel.dtors
 *(.rel.dtors)

.rela.dtors
 *(.rela.dtors)

.rel.got
 *(.rel.got)

.rela.got
 *(.rela.got)

.rel.bss
 *(.rel.bss)

.rela.bss
 *(.rela.bss)

.rel.plt
 *(.rel.plt)

.rela.plt
 *(.rela.plt)

.text           0x00000000     0x1f42
 *(.vectors)
 .vectors       0x00000000       0x54 c:/winavr-20100110/bin/../lib/gcc/avr/4.3.3/../../../../avr/lib/avr5/crtm32.o
                0x00000000                __vectors
                0x00000000                __vector_default
 *(.vectors)
 *(.progmem.gcc*)
 *(.progmem*)
                0x00000054                . = ALIGN (0x2)
                0x00000054                __trampolines_start = .
 *(.trampolines)
 .trampolines   0x00000054        0x0 linker stubs
 *(.trampolines*)
                0x00000054                __trampolines_end = .
 *(.jumptables)
 *(.jumptables*)
 *(.lowtext)
 *(.lowtext*)
                0x00000054                __ctors_start = .
 *(.ctors)
                0x00000054                __ctors_end = .
                0x00000054                __dtors_start = .
 *(.dtors)
                0x00000054                __dtors_end = .
 SORT(*)(.ctors)
 SORT(*)(.dtors)
 *(.init0)
 .init0         0x00000054        0x0 c:/winavr-20100110/bin/../lib/gcc/avr/4.3.3/../../../../avr/lib/avr5/crtm32.o
                0x00000054                __init
 *(.init0)
 *(.init1)
 *(.init1)
 *(.init2)
 .init2         0x00000054        0xc c:/winavr-20100110/bin/../lib/gcc/avr/4.3.3/../../../../avr/lib/avr5/crtm32.o
 *(.init2)
 *(.init3)
 *(.init3)
 *(.init4)
 .init4         0x00000060       0x16 c:/winavr-20100110/bin/../lib/gcc/avr/4.3.3/avr5\libgcc.a(_copy_data.o)
                0x00000060                __do_copy_data
 .init4         0x00000076       0x10 c:/winavr-20100110/bin/../lib/gcc/avr/4.3.3/avr5\libgcc.a(_clear_bss.o)
                0x00000076                __do_clear_bss
 *(.init4)
 *(.init5)
 *(.init5)
 *(.init6)
 *(.init6)
 *(.init7)
 *(.init7)
 *(.init8)
 *(.init8)
 *(.init9)
 .init9         0x00000086        0x8 c:/winavr-20100110/bin/../lib/gcc/avr/4.3.3/../../../../avr/lib/avr5/crtm32.o
 *(.init9)
 *(.text)
 .text          0x0000008e        0x4 c:/winavr-20100110/bin/../lib/gcc/avr/4.3.3/../../../../avr/lib/avr5/crtm32.o
                0x0000008e                __vector_1
                0x0000008e                __vector_12
                0x0000008e                __bad_interrupt
                0x0000008e                __vector_6
                0x0000008e                __vector_3
                0x0000008e                __vector_11
                0x0000008e                __vector_17
                0x0000008e                __vector_19
                0x0000008e                __vector_7
                0x0000008e                __vector_5
                0x0000008e                __vector_4
                0x0000008e                __vector_9
                0x0000008e                __vector_2
                0x0000008e                __vector_15
                0x0000008e                __vector_8
                0x0000008e                __vector_14
                0x0000008e                __vector_10
                0x0000008e                __vector_16
                0x0000008e                __vector_18
                0x0000008e                __vector_20
 .text          0x00000092        0x0 ./DELAY.o
 .text          0x00000092        0x0 ./DIO.o
 .text          0x00000092        0x0 ./DIO_cfg.o
 .text          0x00000092        0x0 ./GIE_prog.o
 .text          0x00000092        0x0 ./LED.o
 .text          0x00000092        0x0 ./LED_cfg.o
 .text          0x00000092        0x0 ./SEVENSEGH.o
 .text          0x00000092        0x0 ./SEVENSEGH_cfg.o
 .text          0x00000092        0x0 ./UART.o
 .text          0x00000092        0x0 ./UART_cfg.o
 .text          0x00000092        0x0 ./main.o
 .text          0x00000092        0x0 c:/winavr-20100110/bin/../lib/gcc/avr/4.3.3/avr5\libgcc.a(_mulsi3.o)
 .text          0x00000092        0x0 c:/winavr-20100110/bin/../lib/gcc/avr/4.3.3/avr5\libgcc.a(_udivmodsi4.o)
 .text          0x00000092        0x0 c:/winavr-20100110/bin/../lib/gcc/avr/4.3.3/avr5\libgcc.a(_exit.o)
 .text          0x00000092        0x0 c:/winavr-20100110/bin/../lib/gcc/avr/4.3.3/avr5\libgcc.a(_copy_data.o)
 .text          0x00000092        0x0 c:/winavr-20100110/bin/../lib/gcc/avr/4.3.3/avr5\libgcc.a(_clear_bss.o)
                0x00000092                . = ALIGN (0x2)
 *(.text.*)
 .text.Delay_ms
                0x00000092       0xaa ./DELAY.o
                0x00000092                Delay_ms
 .text.DIO_Initialize
                0x0000013c      0x410 ./DIO.o
                0x0000013c                DIO_Initialize
 .text.DIO_voidWritePin
                0x0000054c      0x1d6 ./DIO.o
                0x0000054c                DIO_voidWritePin
 .text.DIO_booleanReadPin
                0x00000722      0x100 ./DIO.o
                0x00000722                DIO_booleanReadPin
 .text.GIE_voidEnable
                0x00000822       0x1c ./GIE_prog.o
                0x00000822                GIE_voidEnable
 .text.GIE_voidDisable
                0x0000083e       0x1c ./GIE_prog.o
                0x0000083e                GIE_voidDisable
 .text.LED_voidInitialize
                0x0000085a       0x1e ./LED.o
                0x0000085a                LED_voidInitialize
 .text.LED_voidSetLED
                0x00000878       0x20 ./LED.o
                0x00000878                LED_voidSetLED
 .text.voidDisplayZero
                0x00000898      0x1de ./SEVENSEGH.o
 .text.voidDisplayOne
                0x00000a76      0x1de ./SEVENSEGH.o
 .text.voidDisplayTwo
                0x00000c54      0x1de ./SEVENSEGH.o
 .text.voidDisplayThree
                0x00000e32      0x1de ./SEVENSEGH.o
 .text.voidDisplayFour
                0x00001010      0x1de ./SEVENSEGH.o
 .text.voidDisplayFive
                0x000011ee      0x1de ./SEVENSEGH.o
 .text.voidDisplaySix
                0x000013cc      0x1de ./SEVENSEGH.o
 .text.voidDisplaySeven
                0x000015aa      0x1de ./SEVENSEGH.o
 .text.voidDisplayEight
                0x00001788      0x1de ./SEVENSEGH.o
 .text.voidDisplayNine
                0x00001966      0x1de ./SEVENSEGH.o
 .text.SeveSeg_voidInitialize
                0x00001b44       0x3c ./SEVENSEGH.o
                0x00001b44                SeveSeg_voidInitialize
 .text.SevenSeg_voidDisplayNum
                0x00001b80      0x100 ./SEVENSEGH.o
                0x00001b80                SevenSeg_voidDisplayNum
 .text.UART_voidInitialize
                0x00001c80       0xac ./UART.o
                0x00001c80                UART_voidInitialize
 .text.UART_voidTransmitData
                0x00001d2c       0x3c ./UART.o
                0x00001d2c                UART_voidTransmitData
 .text.UART_booleanReceiveData
                0x00001d68       0xa0 ./UART.o
                0x00001d68                UART_booleanReceiveData
 .text.__vector_13
                0x00001e08       0x70 ./UART.o
                0x00001e08                __vector_13
 .text.main     0x00001e78       0x44 ./main.o
                0x00001e78                main
 .text.libgcc   0x00001ebc       0x3e c:/winavr-20100110/bin/../lib/gcc/avr/4.3.3/avr5\libgcc.a(_mulsi3.o)
                0x00001ebc                __mulsi3
 .text.libgcc   0x00001efa       0x44 c:/winavr-20100110/bin/../lib/gcc/avr/4.3.3/avr5\libgcc.a(_udivmodsi4.o)
                0x00001efa                __udivmodsi4
 .text.libgcc   0x00001f3e        0x0 c:/winavr-20100110/bin/../lib/gcc/avr/4.3.3/avr5\libgcc.a(_exit.o)
 .text.libgcc   0x00001f3e        0x0 c:/winavr-20100110/bin/../lib/gcc/avr/4.3.3/avr5\libgcc.a(_copy_data.o)
 .text.libgcc   0x00001f3e        0x0 c:/winavr-20100110/bin/../lib/gcc/avr/4.3.3/avr5\libgcc.a(_clear_bss.o)
                0x00001f3e                . = ALIGN (0x2)
 *(.fini9)
 .fini9         0x00001f3e        0x0 c:/winavr-20100110/bin/../lib/gcc/avr/4.3.3/avr5\libgcc.a(_exit.o)
                0x00001f3e                exit
                0x00001f3e                _exit
 *(.fini9)
 *(.fini8)
 *(.fini8)
 *(.fini7)
 *(.fini7)
 *(.fini6)
 *(.fini6)
 *(.fini5)
 *(.fini5)
 *(.fini4)
 *(.fini4)
 *(.fini3)
 *(.fini3)
 *(.fini2)
 *(.fini2)
 *(.fini1)
 *(.fini1)
 *(.fini0)
 .fini0         0x00001f3e        0x4 c:/winavr-20100110/bin/../lib/gcc/avr/4.3.3/avr5\libgcc.a(_exit.o)
 *(.fini0)
                0x00001f42                _etext = .

.data           0x00800060       0x4c load address 0x00001f42
                0x00800060                PROVIDE (__data_start, .)
 *(.data)
 .data          0x00800060        0x0 c:/winavr-20100110/bin/../lib/gcc/avr/4.3.3/../../../../avr/lib/avr5/crtm32.o
 .data          0x00800060        0x0 ./DELAY.o
 .data          0x00800060        0x0 ./DIO.o
 .data          0x00800060        0x0 ./DIO_cfg.o
 .data          0x00800060        0x0 ./GIE_prog.o
 .data          0x00800060        0x0 ./LED.o
 .data          0x00800060        0x0 ./LED_cfg.o
 .data          0x00800060        0x0 ./SEVENSEGH.o
 .data          0x00800060        0x0 ./SEVENSEGH_cfg.o
 .data          0x00800060        0x0 ./UART.o
 .data          0x00800060        0x0 ./UART_cfg.o
 .data          0x00800060        0x0 ./main.o
 .data          0x00800060        0x0 c:/winavr-20100110/bin/../lib/gcc/avr/4.3.3/avr5\libgcc.a(_mulsi3.o)
 .data          0x00800060        0x0 c:/winavr-20100110/bin/../lib/gcc/avr/4.3.3/avr5\libgcc.a(_udivmodsi4.o)
 .data          0x00800060        0x0 c:/winavr-20100110/bin/../lib/gcc/avr/4.3.3/avr5\libgcc.a(_exit.o)
 .data          0x00800060        0x0 c:/winavr-20100110/bin/../lib/gcc/avr/4.3.3/avr5\libgcc.a(_copy_data.o)
 .data          0x00800060        0x0 c:/winavr-20100110/bin/../lib/gcc/avr/4.3.3/avr5\libgcc.a(_clear_bss.o)
 *(.data*)
 .data.NumberOfSegs
                0x00800060        0x1 ./SEVENSEGH_cfg.o
                0x00800060                NumberOfSegs
 *(.rodata)
 *(.rodata*)
 .rodata.DIO_cfg
                0x00800061       0x40 ./DIO_cfg.o
                0x00800061                DIO_cfg
 .rodata.Seg_cfg
                0x008000a1        0x4 ./SEVENSEGH_cfg.o
                0x008000a1                Seg_cfg
 .rodata.uart_cfg
                0x008000a5        0x7 ./UART_cfg.o
                0x008000a5                uart_cfg
 *(.gnu.linkonce.d*)
                0x008000ac                . = ALIGN (0x2)
                0x008000ac                _edata = .
                0x008000ac                PROVIDE (__data_end, .)

.bss            0x008000ac        0x4
                0x008000ac                PROVIDE (__bss_start, .)
 *(.bss)
 .bss           0x008000ac        0x0 c:/winavr-20100110/bin/../lib/gcc/avr/4.3.3/../../../../avr/lib/avr5/crtm32.o
 .bss           0x008000ac        0x0 ./DELAY.o
 .bss           0x008000ac        0x0 ./DIO.o
 .bss           0x008000ac        0x0 ./DIO_cfg.o
 .bss           0x008000ac        0x0 ./GIE_prog.o
 .bss           0x008000ac        0x0 ./LED.o
 .bss           0x008000ac        0x0 ./LED_cfg.o
 .bss           0x008000ac        0x0 ./SEVENSEGH.o
 .bss           0x008000ac        0x0 ./SEVENSEGH_cfg.o
 .bss           0x008000ac        0x0 ./UART.o
 .bss           0x008000ac        0x0 ./UART_cfg.o
 .bss           0x008000ac        0x0 ./main.o
 .bss           0x008000ac        0x0 c:/winavr-20100110/bin/../lib/gcc/avr/4.3.3/avr5\libgcc.a(_mulsi3.o)
 .bss           0x008000ac        0x0 c:/winavr-20100110/bin/../lib/gcc/avr/4.3.3/avr5\libgcc.a(_udivmodsi4.o)
 .bss           0x008000ac        0x0 c:/winavr-20100110/bin/../lib/gcc/avr/4.3.3/avr5\libgcc.a(_exit.o)
 .bss           0x008000ac        0x0 c:/winavr-20100110/bin/../lib/gcc/avr/4.3.3/avr5\libgcc.a(_copy_data.o)
 .bss           0x008000ac        0x0 c:/winavr-20100110/bin/../lib/gcc/avr/4.3.3/avr5\libgcc.a(_clear_bss.o)
 *(.bss*)
 .bss.u16RxLen  0x008000ac        0x2 ./UART.o
 .bss.RxData    0x008000ae        0x2 ./UART.o
 *(COMMON)
                0x008000b0                PROVIDE (__bss_end, .)
                0x00001f42                __data_load_start = LOADADDR (.data)
                0x00001f8e                __data_load_end = (__data_load_start + SIZEOF (.data))

.noinit         0x008000b0        0x0
                0x008000b0                PROVIDE (__noinit_start, .)
 *(.noinit*)
                0x008000b0                PROVIDE (__noinit_end, .)
                0x008000b0                _end = .
                0x008000b0                PROVIDE (__heap_start, .)

.eeprom         0x00810000        0x0
 *(.eeprom*)
                0x00810000                __eeprom_end = .

.fuse
 *(.fuse)
 *(.lfuse)
 *(.hfuse)
 *(.efuse)

.lock
 *(.lock*)

.signature
 *(.signature*)

.stab           0x00000000     0x2964
 *(.stab)
 .stab          0x00000000      0x1f8 ./DELAY.o
 .stab          0x000001f8      0x54c ./DIO.o
                                0x5d0 (size before relaxing)
 .stab          0x00000744       0xfc ./DIO_cfg.o
                                0x1c8 (size before relaxing)
 .stab          0x00000840      0x144 ./GIE_prog.o
                                0x1c8 (size before relaxing)
 .stab          0x00000984      0x180 ./LED.o
                                0x258 (size before relaxing)
 .stab          0x00000b04       0xe4 ./LED_cfg.o
                                0x168 (size before relaxing)
 .stab          0x00000be8     0x15e4 ./SEVENSEGH.o
                               0x16bc (size before relaxing)
 .stab          0x000021cc      0x108 ./SEVENSEGH_cfg.o
                                0x1ec (size before relaxing)
 .stab          0x000022d4      0x3cc ./UART.o
                                0x450 (size before relaxing)
 .stab          0x000026a0       0xfc ./UART_cfg.o
                                0x1f8 (size before relaxing)
 .stab          0x0000279c      0x1c8 ./main.o
                                0x324 (size before relaxing)

.stabstr        0x00000000      0xde1
 *(.stabstr)
 .stabstr       0x00000000      0xde1 ./DELAY.o

.stab.excl
 *(.stab.excl)

.stab.exclstr
 *(.stab.exclstr)

.stab.index
 *(.stab.index)

.stab.indexstr
 *(.stab.indexstr)

.comment
 *(.comment)

.debug
 *(.debug)

.line
 *(.line)

.debug_srcinfo
 *(.debug_srcinfo)

.debug_sfnames
 *(.debug_sfnames)

.debug_aranges
 *(.debug_aranges)

.debug_pubnames
 *(.debug_pubnames)

.debug_info
 *(.debug_info)
 *(.gnu.linkonce.wi.*)

.debug_abbrev
 *(.debug_abbrev)

.debug_line
 *(.debug_line)

.debug_frame
 *(.debug_frame)

.debug_str
 *(.debug_str)

.debug_loc
 *(.debug_loc)

.debug_macinfo
 *(.debug_macinfo)
OUTPUT(UART.elf elf32-avr)
LOAD linker stubs
